#separator \x09
#set_separator	,
#empty_field	(empty)
#unset_field	-
#path	x509
#open	2026-08-16-13-45-07
#fields	ts	fingerprint	certificate.version	certificate.serial	certificate.subject	certificate.issuer	certificate.not_valid_before	certificate.not_valid_after	certificate.key_alg	certificate.sig_alg	certificate.key_type	certificate.key_length	certificate.exponent	certificate.curve	san.dns	san.uri	san.email	san.ip	basic_constraints.ca	basic_constraints.path_len	host_cert	client_cert
#types	time	string	count	string	string	string	time	time	string	string	string	count	string	string	vector[string]	vector[string]	vector[string]	vector[addr]	bool	count	bool	bool
1786822754.236097	b178dd513909c2fe23cc5fcff829b1f6f0227995217e2edda3ece9fc2b6e113f	3	052DDFC2F8CD2A87AB37B82D0A84EEDC427D	CN=addons.mozilla.org	CN=YR1,O=Let's Encrypt,C=US	1785254586.000000	1793030585.000000	rsaEncryption	sha256WithRSAEncryption	rsa	2048	65537	-	addons.mozilla.org,services.addons.mozilla.org	-	-	-	F	-	T	F
1786822754.236097	13949634d99cd6fd6aa80bc034fefacceb1969feef986586713ecdbb05758d3f	3	A20253F15F2691C05DC1CE13B9BCCA4E	CN=YR1,O=Let's Encrypt,C=US	CN=Root YR,O=ISRG,C=US	1756857600.000000	1851551999.000000	rsaEncryption	sha256WithRSAEncryption	rsa	2048	65537	-	-	-	-	-	T	0	F	F
1786822754.236097	072639d0b140d5bffae16ad9c3f6cc6086040621f51ee61a6d46a8915c07cf76	3	F24B6D17F9D9AD7CB1C9FEA78782699F	CN=Root YR,O=ISRG,C=US	CN=ISRG Root X1,O=Internet Security Research Group,C=US	1778630400.000000	1977782399.000000	rsaEncryption	sha256WithRSAEncryption	rsa	4096	65537	-	-	-	-	-	T	-	F	F
1786822754.341247	20ac0771db2a5cf91727314a7c9198a462cadd085b2d741e9f8623d0d6d5c07f	3	064AA8CDF12AF6E58F579442FC6AD7D85496	CN=firefox.settings.services.mozilla.com	CN=YR2,O=Let's Encrypt,C=US	1786365489.000000	1794141488.000000	rsaEncryption	sha256WithRSAEncryption	rsa	2048	65537	-	firefox-settings.mozilla-backup.org,firefox.settings.services.mozilla.com	-	-	-	F	-	T	F
1786822754.341247	238b85a0099c65b970477d5724f1a1d475ce5058cffe4efa8733899bdb863c47	3	4EBD24947E24D394802D84A52FD5B319	CN=YR2,O=Let's Encrypt,C=US	CN=Root YR,O=ISRG,C=US	1756857600.000000	1851551999.000000	rsaEncryption	sha256WithRSAEncryption	rsa	2048	65537	-	-	-	-	-	T	0	F	F
1786822754.569072	cd4ef0f46dd2652f40284772771fb991312500a74bc11589231d59b8d85fda8b	3	06B0B27473ACE7377B8E7AFA510F4B0BD65D	CN=firefox-settings-attachments.cdn.mozilla.net	CN=YR2,O=Let's Encrypt,C=US	1786365499.000000	1794141498.000000	rsaEncryption	sha256WithRSAEncryption	rsa	2048	65537	-	firefox-settings-attachments.cdn.mozilla.net,firefox-settings-attachments.mozilla-backup.org	-	-	-	F	-	T	F
1786822756.222331	c3919efc8965b8622d3be94078d18c5c0d80a38f1753d6b21b594eeb61d5e60f	3	05EAC5DB1876DF693A210F8583E1622F83DF	CN=content-signature-2.cdn.mozilla.net	CN=YR2,O=Let's Encrypt,C=US	1785285768.000000	1793061767.000000	rsaEncryption	sha256WithRSAEncryption	rsa	2048	65537	-	content-signature-2.cdn.mozilla.net	-	-	-	F	-	T	F
1786822784.908508	40f23f59873a637d631f9fa5850dd42ff5e2df81786958a72ca74af093d72506	3	052B88AB8AADC8F8444587BDCCF98B290EB4	CN=addons.mozilla.org	CN=YR1,O=Let's Encrypt,C=US	1781624201.000000	1789400200.000000	rsaEncryption	sha256WithRSAEncryption	rsa	2048	65537	-	addons.mozilla.org,blocklist.addons.mozilla.org,reviewers.addons.mozilla.org,services.addons.mozilla.org,versioncheck-bg.addons.mozilla.org,versioncheck.addons.mozilla.org	-	-	-	F	-	T	F
1786822785.317574	fab315d79ae823974f068bff8df51f2c9009bf4512788acc9aecfd8fe9123f76	3	059C515CC7D9B6804F5BB09407C6979926F4	CN=aus5.mozilla.org	CN=YR1,O=Let's Encrypt,C=US	1784733463.000000	1792509462.000000	rsaEncryption	sha256WithRSAEncryption	rsa	2048	65537	-	aus5.mozilla.org	-	-	-	F	-	T	F
1786822787.641560	ea25c7602a630c77115f6e1b188a7f3d468ce1b57a5b4a233c288887d49cc7a8	3	6675AB86250E09726738C5D2	CN=*.adsrvr.org	CN=GlobalSign GCC R3 DV TLS CA 2020,O=GlobalSign nv-sa,C=BE	1772646009.000000	1806652799.000000	rsaEncryption	sha256WithRSAEncryption	rsa	2048	65537	-	*.adsrvr.org,adsrvr.org	-	-	-	F	-	T	F
1786822787.641560	762538439509c411c437d3c567563e1378671281fc4a1464add031870843676e	3	77BD0E0742D5D9E9D049D774D02A6F9A	CN=GlobalSign GCC R3 DV TLS CA 2020,O=GlobalSign nv-sa,C=BE	CN=GlobalSign,O=GlobalSign,OU=GlobalSign Root CA - R3	1595894400.000000	1868486400.000000	rsaEncryption	sha256WithRSAEncryption	rsa	2048	65537	-	-	-	-	-	T	0	F	F
1786822787.641560	cbb522d7b7f127ad6a0113865bdf1cd4102e7d0759af635a7cf4720dc963c53b	3	04000000000121585308A2	CN=GlobalSign,O=GlobalSign,OU=GlobalSign Root CA - R3	CN=GlobalSign,O=GlobalSign,OU=GlobalSign Root CA - R3	1237370400.000000	1868522400.000000	rsaEncryption	sha256WithRSAEncryption	rsa	2048	65537	-	-	-	-	-	T	-	F	F
1786822788.982025	4cf021e53807cf7dbd9f087bff91159d5428edd36ab8f342e2bfeef993b76d39	3	F06F9C5913DD9DFC0AE6424495EBE606	CN=upload.video.google.com	CN=WR2,O=Google Trust Services,C=US	1784570855.000000	1791828454.000000	id-ecPublicKey	sha256WithRSAEncryption	ecdsa	256	-	prime256v1	upload.video.google.com,*.clients.google.com,*.docs.google.com,*.drive.google.com,*.gdata.youtube.com,*.googleapis.com,*.photos.google.com,*.youtube-3rd-party.com,upload.google.com,*.upload.google.com,upload.youtube.com,*.upload.youtube.com,uploads.stage.gdata.youtube.com,bg-call-donation.goog,bg-call-donation-alpha.goog,bg-call-donation-canary.goog,bg-call-donation-dev.goog	-	-	-	F	-	T	F
1786822788.982025	e6fe22bf45e4f0d3b85c59e02c0f495418e1eb8d3210f788d48cd5e1cb547cd4	3	7FF005A07C4CDED100AD9D66A5107B98	CN=WR2,O=Google Trust Services,C=US	CN=GTS Root R1,O=Google Trust Services LLC,C=US	1702458000.000000	1866290400.000000	rsaEncryption	sha256WithRSAEncryption	rsa	2048	65537	-	-	-	-	-	T	0	F	F
1786822788.982025	3ee0278df71fa3c125c4cd487f01d774694e6fc57e0cd94c24efd769133918e5	3	77BD0D6CDB36F91AEA210FC4F058D30D	CN=GTS Root R1,O=Google Trust Services LLC,C=US	CN=GlobalSign Root CA,OU=Root CA,O=GlobalSign nv-sa,C=BE	1592524842.000000	1832630442.000000	rsaEncryption	sha256WithRSAEncryption	rsa	4096	65537	-	-	-	-	-	T	-	F	F
1786822788.998249	04ddf380c1effd8a28082fcb31f81bf33151383902ef336300e0a28913b4f8c9	3	062806769C17F0CE7CF9A2EEE660668B2BE6	CN=archive.mozilla.org	CN=YR1,O=Let's Encrypt,C=US	1786112071.000000	1793888070.000000	rsaEncryption	sha256WithRSAEncryption	rsa	2048	65537	-	archive.mozilla-backup.org,archive.mozilla.org,download-installer.cdn.mozilla.net,download.cdn.mozilla.net,ftp-ssl.mozilla.org,ftp.eu.mozilla.org,ftp.mozilla.org,ftp.prod.mozilla.org,productdelivery.mozilla-backup.org,releases.mozilla.com,releases.mozilla.org	-	-	-	F	-	T	F
1786822790.485344	0f6d14c6762e87eb8a095907e82974772e9d61f3c721208d3a75ac1451c77787	3	2083559CC5D3C0B40A58C1542208E016	CN=www.google.com	CN=WR2,O=Google Trust Services,C=US	1784570910.000000	1791828509.000000	id-ecPublicKey	sha256WithRSAEncryption	ecdsa	256	-	prime256v1	www.google.com	-	-	-	F	-	T	F
1786822790.899755	f2c467442e27791f861d12920dd27ab86efddd861af10249fc16caffc5e12c53	3	40019E1E66EA374257681473811D1CEF	CN=openh264.org,O=Cisco Systems Inc.,L=San Jose,ST=California,C=US	CN=HydrantID Server CA O1,OU=HydrantID Trusted Certificate Service,O=IdenTrust,C=US	1778626521.000000	1795820061.000000	rsaEncryption	sha256WithRSAEncryption	rsa	2048	65537	-	openh264.org,ciscobinary.openh264.org,ciscobinarytest.openh264.org	-	-	-	-	-	T	F
1786822790.899755	8bb2f6883fed289a521ba27c478482950874e143caccec6fc025990c0c46813e	3	40016EFB0A205CFAEBE18F71D73ABB78	CN=HydrantID Server CA O1,OU=HydrantID Trusted Certificate Service,O=IdenTrust,C=US	CN=IdenTrust Commercial Root CA 1,O=IdenTrust,C=US	1576169775.000000	1891788975.000000	rsaEncryption	sha256WithRSAEncryption	rsa	2048	65537	-	-	-	-	-	T	0	F	F
1786822790.899755	5d56499be4d2e08bcfcad08a3e38723d50503bde706948e42f55603019e528ae	3	0A0142800000014523C844B500000002	CN=IdenTrust Commercial Root CA 1,O=IdenTrust,C=US	CN=IdenTrust Commercial Root CA 1,O=IdenTrust,C=US	1389895943.000000	2021047943.000000	rsaEncryption	sha256WithRSAEncryption	rsa	4096	65537	-	-	-	-	-	T	-	F	F
1786823130.427628	f667d32ccb36f734ea8ccb1e0339f1fd301f8e36f37ba6973258b68c4ffa7e42	3	02F184DAF8125379E11808A7043CF6F4	CN=incoming.telemetry.mozilla.org,O=Mozilla Corporation,L=San Francisco,ST=California,C=US	CN=DigiCert Global G2 TLS RSA SHA256 2020 CA1,O=DigiCert Inc,C=US	1762214400.000000	1795132799.000000	rsaEncryption	sha256WithRSAEncryption	rsa	2048	65537	-	incoming.telemetry.mozilla.org	-	-	-	F	-	T	F
1786823130.427628	c8025f9fc65fdfc95b3ca8cc7867b9a587b5277973957917463fc813d0b625a9	3	0CF5BD062B5602F47AB8502C23CCF066	CN=DigiCert Global G2 TLS RSA SHA256 2020 CA1,O=DigiCert Inc,C=US	CN=DigiCert Global Root G2,OU=www.digicert.com,O=DigiCert Inc,C=US	1617062400.000000	1932595199.000000	rsaEncryption	sha256WithRSAEncryption	rsa	2048	65537	-	-	-	-	-	T	0	F	F
1786823541.308335	c4108b141a533078b367281d7aafa09d3bc609d45b6a934be01b90540681f6af	3	014C8556FA500093E7E328C826411F0B	CN=cdn.fwupd.org	CN=GlobalSign Atlas R3 DV TLS CA 2025 Q4,O=GlobalSign nv-sa,C=BE	1765828878.000000	1800129677.000000	rsaEncryption	sha256WithRSAEncryption	rsa	2048	65537	-	cdn.fwupd.org	-	-	-	F	-	T	F
1786823541.308335	f5165fc624453361e3a131c6ad90893a8de40158921a94e8a4b445398eedf6e0	3	83DA86AB0E31B19D8F03A5EDD5BDBD66	CN=GlobalSign Atlas R3 DV TLS CA 2025 Q4,O=GlobalSign nv-sa,C=BE	CN=GlobalSign,O=GlobalSign,OU=GlobalSign Root CA - R3	1752635195.000000	1815696000.000000	rsaEncryption	sha256WithRSAEncryption	rsa	2048	65537	-	-	-	-	-	T	0	F	F
#close	2026-08-16-13-45-08
